Archive member included to satisfy reference by file (symbol)

c:/st/stm32cubeide_1.3.0/stm32cubeide/plugins/com.st.stm32cube.ide.mcu.externaltools.gnu-tools-for-stm32.7-2018-q2-update.win32_1.0.0.201904181610/tools/bin/../lib/gcc/arm-none-eabi/7.3.1/../../../../arm-none-eabi/lib/thumb/v6-m\libc_nano.a(lib_a-errno.o)
                              Application/User/syscalls.o (__errno)
c:/st/stm32cubeide_1.3.0/stm32cubeide/plugins/com.st.stm32cube.ide.mcu.externaltools.gnu-tools-for-stm32.7-2018-q2-update.win32_1.0.0.201904181610/tools/bin/../lib/gcc/arm-none-eabi/7.3.1/../../../../arm-none-eabi/lib/thumb/v6-m\libc_nano.a(lib_a-exit.o)
                              c:/st/stm32cubeide_1.3.0/stm32cubeide/plugins/com.st.stm32cube.ide.mcu.externaltools.gnu-tools-for-stm32.7-2018-q2-update.win32_1.0.0.201904181610/tools/bin/../lib/gcc/arm-none-eabi/7.3.1/../../../../arm-none-eabi/lib/thumb/v6-m/crt0.o (exit)
c:/st/stm32cubeide_1.3.0/stm32cubeide/plugins/com.st.stm32cube.ide.mcu.externaltools.gnu-tools-for-stm32.7-2018-q2-update.win32_1.0.0.201904181610/tools/bin/../lib/gcc/arm-none-eabi/7.3.1/../../../../arm-none-eabi/lib/thumb/v6-m\libc_nano.a(lib_a-impure.o)
                              c:/st/stm32cubeide_1.3.0/stm32cubeide/plugins/com.st.stm32cube.ide.mcu.externaltools.gnu-tools-for-stm32.7-2018-q2-update.win32_1.0.0.201904181610/tools/bin/../lib/gcc/arm-none-eabi/7.3.1/../../../../arm-none-eabi/lib/thumb/v6-m\libc_nano.a(lib_a-exit.o) (_global_impure_ptr)
c:/st/stm32cubeide_1.3.0/stm32cubeide/plugins/com.st.stm32cube.ide.mcu.externaltools.gnu-tools-for-stm32.7-2018-q2-update.win32_1.0.0.201904181610/tools/bin/../lib/gcc/arm-none-eabi/7.3.1/../../../../arm-none-eabi/lib/thumb/v6-m\libc_nano.a(lib_a-init.o)
                              c:/st/stm32cubeide_1.3.0/stm32cubeide/plugins/com.st.stm32cube.ide.mcu.externaltools.gnu-tools-for-stm32.7-2018-q2-update.win32_1.0.0.201904181610/tools/bin/../lib/gcc/arm-none-eabi/7.3.1/../../../../arm-none-eabi/lib/thumb/v6-m/crt0.o (__libc_init_array)
c:/st/stm32cubeide_1.3.0/stm32cubeide/plugins/com.st.stm32cube.ide.mcu.externaltools.gnu-tools-for-stm32.7-2018-q2-update.win32_1.0.0.201904181610/tools/bin/../lib/gcc/arm-none-eabi/7.3.1/../../../../arm-none-eabi/lib/thumb/v6-m\libc_nano.a(lib_a-memset.o)
                              c:/st/stm32cubeide_1.3.0/stm32cubeide/plugins/com.st.stm32cube.ide.mcu.externaltools.gnu-tools-for-stm32.7-2018-q2-update.win32_1.0.0.201904181610/tools/bin/../lib/gcc/arm-none-eabi/7.3.1/../../../../arm-none-eabi/lib/thumb/v6-m/crt0.o (memset)
c:/st/stm32cubeide_1.3.0/stm32cubeide/plugins/com.st.stm32cube.ide.mcu.externaltools.gnu-tools-for-stm32.7-2018-q2-update.win32_1.0.0.201904181610/tools/bin/../lib/gcc/arm-none-eabi/7.3.1/thumb/v6-m\libgcc.a(_udivsi3.o)
                              Application/User/main.o (__aeabi_uidiv)
c:/st/stm32cubeide_1.3.0/stm32cubeide/plugins/com.st.stm32cube.ide.mcu.externaltools.gnu-tools-for-stm32.7-2018-q2-update.win32_1.0.0.201904181610/tools/bin/../lib/gcc/arm-none-eabi/7.3.1/thumb/v6-m\libgcc.a(_dvmd_tls.o)
                              c:/st/stm32cubeide_1.3.0/stm32cubeide/plugins/com.st.stm32cube.ide.mcu.externaltools.gnu-tools-for-stm32.7-2018-q2-update.win32_1.0.0.201904181610/tools/bin/../lib/gcc/arm-none-eabi/7.3.1/thumb/v6-m\libgcc.a(_udivsi3.o) (__aeabi_idiv0)

Discarded input sections

 .text          0x0000000000000000        0x0 c:/st/stm32cubeide_1.3.0/stm32cubeide/plugins/com.st.stm32cube.ide.mcu.externaltools.gnu-tools-for-stm32.7-2018-q2-update.win32_1.0.0.201904181610/tools/bin/../lib/gcc/arm-none-eabi/7.3.1/thumb/v6-m/crti.o
 .data          0x0000000000000000        0x0 c:/st/stm32cubeide_1.3.0/stm32cubeide/plugins/com.st.stm32cube.ide.mcu.externaltools.gnu-tools-for-stm32.7-2018-q2-update.win32_1.0.0.201904181610/tools/bin/../lib/gcc/arm-none-eabi/7.3.1/thumb/v6-m/crti.o
 .bss           0x0000000000000000        0x0 c:/st/stm32cubeide_1.3.0/stm32cubeide/plugins/com.st.stm32cube.ide.mcu.externaltools.gnu-tools-for-stm32.7-2018-q2-update.win32_1.0.0.201904181610/tools/bin/../lib/gcc/arm-none-eabi/7.3.1/thumb/v6-m/crti.o
 .data          0x0000000000000000        0x4 c:/st/stm32cubeide_1.3.0/stm32cubeide/plugins/com.st.stm32cube.ide.mcu.externaltools.gnu-tools-for-stm32.7-2018-q2-update.win32_1.0.0.201904181610/tools/bin/../lib/gcc/arm-none-eabi/7.3.1/thumb/v6-m/crtbegin.o
 .text          0x0000000000000000       0x78 c:/st/stm32cubeide_1.3.0/stm32cubeide/plugins/com.st.stm32cube.ide.mcu.externaltools.gnu-tools-for-stm32.7-2018-q2-update.win32_1.0.0.201904181610/tools/bin/../lib/gcc/arm-none-eabi/7.3.1/../../../../arm-none-eabi/lib/thumb/v6-m/crt0.o
 .data          0x0000000000000000        0x0 c:/st/stm32cubeide_1.3.0/stm32cubeide/plugins/com.st.stm32cube.ide.mcu.externaltools.gnu-tools-for-stm32.7-2018-q2-update.win32_1.0.0.201904181610/tools/bin/../lib/gcc/arm-none-eabi/7.3.1/../../../../arm-none-eabi/lib/thumb/v6-m/crt0.o
[...]
Memory Configuration

Name             Origin             Length             Attributes
RAM              0x0000000020000000 0x0000000000000800 xrw
FLASH            0x0000000008000000 0x0000000000004000 xr
*default*        0x0000000000000000 0xffffffffffffffff

Linker script and memory map

LOAD c:/st/stm32cubeide_1.3.0/stm32cubeide/plugins/com.st.stm32cube.ide.mcu.externaltools.gnu-tools-for-stm32.7-2018-q2-update.win32_1.0.0.201904181610/tools/bin/../lib/gcc/arm-none-eabi/7.3.1/thumb/v6-m/crti.o
LOAD c:/st/stm32cubeide_1.3.0/stm32cubeide/plugins/com.st.stm32cube.ide.mcu.externaltools.gnu-tools-for-stm32.7-2018-q2-update.win32_1.0.0.201904181610/tools/bin/../lib/gcc/arm-none-eabi/7.3.1/thumb/v6-m/crtbegin.o
LOAD c:/st/stm32cubeide_1.3.0/stm32cubeide/plugins/com.st.stm32cube.ide.mcu.externaltools.gnu-tools-for-stm32.7-2018-q2-update.win32_1.0.0.201904181610/tools/bin/../lib/gcc/arm-none-eabi/7.3.1/../../../../arm-none-eabi/lib/thumb/v6-m/crt0.o
LOAD Application/Startup/startup_stm32l011k4tx.o
LOAD Application/User/main.o
LOAD Application/User/stm32l0xx_it.o
LOAD Application/User/syscalls.o
LOAD Application/User/sysmem.o
LOAD Drivers/CMSIS/system_stm32l0xx.o
LOAD Drivers/STM32L0xx_HAL_Driver/stm32l0xx_ll_adc.o
LOAD Drivers/STM32L0xx_HAL_Driver/stm32l0xx_ll_dma.o
LOAD Drivers/STM32L0xx_HAL_Driver/stm32l0xx_ll_exti.o
LOAD Drivers/STM32L0xx_HAL_Driver/stm32l0xx_ll_gpio.o
LOAD Drivers/STM32L0xx_HAL_Driver/stm32l0xx_ll_pwr.o
LOAD Drivers/STM32L0xx_HAL_Driver/stm32l0xx_ll_rcc.o
LOAD Drivers/STM32L0xx_HAL_Driver/stm32l0xx_ll_tim.o
LOAD Drivers/STM32L0xx_HAL_Driver/stm32l0xx_ll_usart.o
LOAD Drivers/STM32L0xx_HAL_Driver/stm32l0xx_ll_utils.o
START GROUP
LOAD c:/st/stm32cubeide_1.3.0/stm32cubeide/plugins/com.st.stm32cube.ide.mcu.externaltools.gnu-tools-for-stm32.7-2018-q2-update.win32_1.0.0.201904181610/tools/bin/../lib/gcc/arm-none-eabi/7.3.1/../../../../arm-none-eabi/lib/thumb/v6-m\libc_nano.a
LOAD c:/st/stm32cubeide_1.3.0/stm32cubeide/plugins/com.st.stm32cube.ide.mcu.externaltools.gnu-tools-for-stm32.7-2018-q2-update.win32_1.0.0.201904181610/tools/bin/../lib/gcc/arm-none-eabi/7.3.1/../../../../arm-none-eabi/lib/thumb/v6-m\libm.a
END GROUP
START GROUP
LOAD c:/st/stm32cubeide_1.3.0/stm32cubeide/plugins/com.st.stm32cube.ide.mcu.externaltools.gnu-tools-for-stm32.7-2018-q2-update.win32_1.0.0.201904181610/tools/bin/../lib/gcc/arm-none-eabi/7.3.1/thumb/v6-m\libgcc.a
LOAD c:/st/stm32cubeide_1.3.0/stm32cubeide/plugins/com.st.stm32cube.ide.mcu.externaltools.gnu-tools-for-stm32.7-2018-q2-update.win32_1.0.0.201904181610/tools/bin/../lib/gcc/arm-none-eabi/7.3.1/../../../../arm-none-eabi/lib/thumb/v6-m\libc_nano.a
END GROUP
START GROUP
LOAD c:/st/stm32cubeide_1.3.0/stm32cubeide/plugins/com.st.stm32cube.ide.mcu.externaltools.gnu-tools-for-stm32.7-2018-q2-update.win32_1.0.0.201904181610/tools/bin/../lib/gcc/arm-none-eabi/7.3.1/thumb/v6-m\libgcc.a
LOAD c:/st/stm32cubeide_1.3.0/stm32cubeide/plugins/com.st.stm32cube.ide.mcu.externaltools.gnu-tools-for-stm32.7-2018-q2-update.win32_1.0.0.201904181610/tools/bin/../lib/gcc/arm-none-eabi/7.3.1/../../../../arm-none-eabi/lib/thumb/v6-m\libc_nano.a
LOAD c:/st/stm32cubeide_1.3.0/stm32cubeide/plugins/com.st.stm32cube.ide.mcu.externaltools.gnu-tools-for-stm32.7-2018-q2-update.win32_1.0.0.201904181610/tools/bin/../lib/gcc/arm-none-eabi/7.3.1/../../../../arm-none-eabi/lib/thumb/v6-m\libnosys.a
END GROUP
START GROUP
LOAD c:/st/stm32cubeide_1.3.0/stm32cubeide/plugins/com.st.stm32cube.ide.mcu.externaltools.gnu-tools-for-stm32.7-2018-q2-update.win32_1.0.0.201904181610/tools/bin/../lib/gcc/arm-none-eabi/7.3.1/thumb/v6-m\libgcc.a
LOAD c:/st/stm32cubeide_1.3.0/stm32cubeide/plugins/com.st.stm32cube.ide.mcu.externaltools.gnu-tools-for-stm32.7-2018-q2-update.win32_1.0.0.201904181610/tools/bin/../lib/gcc/arm-none-eabi/7.3.1/../../../../arm-none-eabi/lib/thumb/v6-m\libc_nano.a
LOAD c:/st/stm32cubeide_1.3.0/stm32cubeide/plugins/com.st.stm32cube.ide.mcu.externaltools.gnu-tools-for-stm32.7-2018-q2-update.win32_1.0.0.201904181610/tools/bin/../lib/gcc/arm-none-eabi/7.3.1/../../../../arm-none-eabi/lib/thumb/v6-m\libnosys.a
END GROUP
LOAD c:/st/stm32cubeide_1.3.0/stm32cubeide/plugins/com.st.stm32cube.ide.mcu.externaltools.gnu-tools-for-stm32.7-2018-q2-update.win32_1.0.0.201904181610/tools/bin/../lib/gcc/arm-none-eabi/7.3.1/thumb/v6-m/crtend.o
LOAD c:/st/stm32cubeide_1.3.0/stm32cubeide/plugins/com.st.stm32cube.ide.mcu.externaltools.gnu-tools-for-stm32.7-2018-q2-update.win32_1.0.0.201904181610/tools/bin/../lib/gcc/arm-none-eabi/7.3.1/thumb/v6-m/crtn.o
                0x0000000020000800                _estack = (ORIGIN (RAM) + LENGTH (RAM))
                0x0000000000000200                _Min_Heap_Size = 0x200
                0x0000000000000400                _Min_Stack_Size = 0x400

.isr_vector     0x0000000008000000       0xc0
                0x0000000008000000                . = ALIGN (0x4)
 *(.isr_vector)
 .isr_vector    0x0000000008000000       0xc0 Application/Startup/startup_stm32l011k4tx.o
                0x0000000008000000                g_pfnVectors
                0x00000000080000c0                . = ALIGN (0x4)

.text           0x00000000080000c0     0x2538
                0x00000000080000c0                . = ALIGN (0x4)
 *(.text)
 .text          0x00000000080000c0       0x48 c:/st/stm32cubeide_1.3.0/stm32cubeide/plugins/com.st.stm32cube.ide.mcu.externaltools.gnu-tools-for-stm32.7-2018-q2-update.win32_1.0.0.201904181610/tools/bin/../lib/gcc/arm-none-eabi/7.3.1/thumb/v6-m/crtbegin.o
 .text          0x0000000008000108      0x114 c:/st/stm32cubeide_1.3.0/stm32cubeide/plugins/com.st.stm32cube.ide.mcu.externaltools.gnu-tools-for-stm32.7-2018-q2-update.win32_1.0.0.201904181610/tools/bin/../lib/gcc/arm-none-eabi/7.3.1/thumb/v6-m\libgcc.a(_udivsi3.o)
                0x0000000008000108                __aeabi_uidiv
                0x0000000008000108                __udivsi3
                0x0000000008000214                __aeabi_uidivmod
 .text          0x000000000800021c        0x4 c:/st/stm32cubeide_1.3.0/stm32cubeide/plugins/com.st.stm32cube.ide.mcu.externaltools.gnu-tools-for-stm32.7-2018-q2-update.win32_1.0.0.201904181610/tools/bin/../lib/gcc/arm-none-eabi/7.3.1/thumb/v6-m\libgcc.a(_dvmd_tls.o)
                0x000000000800021c                __aeabi_idiv0
                0x000000000800021c                __aeabi_ldiv0
 *(.text*)
 .text.Reset_Handler
                0x0000000008000220       0x80 Application/Startup/startup_stm32l011k4tx.o
                0x0000000008000220                Reset_Handler
 .text.Default_Handler
                0x00000000080002a0        0x2 Application/Startup/startup_stm32l011k4tx.o
                0x00000000080002a0                PVD_IRQHandler
                0x00000000080002a0                I2C1_IRQHandler
                0x00000000080002a0                SPI1_IRQHandler
                0x00000000080002a0                EXTI2_3_IRQHandler
                0x00000000080002a0                RTC_IRQHandler
                0x00000000080002a0                RCC_IRQHandler
                0x00000000080002a0                DMA1_Channel1_IRQHandler
                0x00000000080002a0                Default_Handler
                0x00000000080002a0                DMA1_Channel4_5_IRQHandler
                0x00000000080002a0                TIM21_IRQHandler
                0x00000000080002a0                WWDG_IRQHandler
                0x00000000080002a0                LPUART1_IRQHandler
                0x00000000080002a0                DMA1_Channel2_3_IRQHandler
                0x00000000080002a0                USART2_IRQHandler
                0x00000000080002a0                FLASH_IRQHandler
                0x00000000080002a0                LPTIM1_IRQHandler
 *fill*         0x00000000080002a2        0x2 
 .text.NVIC_EnableIRQ
                0x00000000080002a4       0x2c Application/User/main.o
 .text.NVIC_SetPriority
                0x00000000080002d0       0xdc Application/User/main.o
 .text.LL_ADC_SetCommonFrequencyMode
                0x00000000080003ac       0x28 Application/User/main.o
 .text.LL_ADC_SetSamplingTimeCommonChannels
                0x00000000080003d4       0x24 Application/User/main.o
 .text.LL_ADC_REG_SetSequencerScanDirection
                0x00000000080003f8       0x24 Application/User/main.o
 .text.LL_ADC_REG_SetSequencerChAdd
                0x000000000800041c       0x22 Application/User/main.o
 .text.LL_ADC_SetOverSamplingScope
                0x000000000800043e       0x24 Application/User/main.o
 *fill*         0x0000000008000462        0x2 
 .text.LL_ADC_EnableInternalRegulator
                0x0000000008000464       0x28 Application/User/main.o
 .text.LL_ADC_DisableIT_EOC
                0x000000000800048c       0x1e Application/User/main.o
 .text.LL_ADC_DisableIT_EOS
                0x00000000080004aa       0x1e Application/User/main.o
 .text.LL_RCC_HSI_Enable
                0x00000000080004c8       0x1c Application/User/main.o
 .text.LL_RCC_HSI_IsReady
                0x00000000080004e4       0x20 Application/User/main.o
 .text.LL_RCC_HSI_SetCalibTrimming
                0x0000000008000504       0x2c Application/User/main.o
 .text.LL_RCC_SetSysClkSource
                0x0000000008000530       0x28 Application/User/main.o
 .text.LL_RCC_GetSysClkSource
                0x0000000008000558       0x18 Application/User/main.o
 .text.LL_RCC_SetAHBPrescaler
                0x0000000008000570       0x28 Application/User/main.o
 .text.LL_RCC_SetAPB1Prescaler
                0x0000000008000598       0x2c Application/User/main.o
 .text.LL_RCC_SetAPB2Prescaler
                0x00000000080005c4       0x2c Application/User/main.o
 .text.LL_RCC_ConfigMCO
                0x00000000080005f0       0x30 Application/User/main.o
 .text.LL_RCC_SetUSARTClockSource
                0x0000000008000620       0x30 Application/User/main.o
 .text.LL_APB1_GRP1_EnableClock
                0x0000000008000650       0x2c Application/User/main.o
 .text.LL_APB2_GRP1_EnableClock
                0x000000000800067c       0x2c Application/User/main.o
 .text.LL_IOP_GRP1_EnableClock
                0x00000000080006a8       0x2c Application/User/main.o
 .text.LL_SYSCFG_SetEXTISource
                0x00000000080006d4       0x4c Application/User/main.o
 .text.LL_FLASH_SetLatency
                0x0000000008000720       0x28 Application/User/main.o
 .text.LL_FLASH_GetLatency
                0x0000000008000748       0x18 Application/User/main.o
 .text.LL_PWR_SetRegulVoltageScaling
                0x0000000008000760       0x2c Application/User/main.o
 .text.LL_TIM_EnableCounter
                0x000000000800078c       0x1c Application/User/main.o
 .text.LL_TIM_DisableARRPreload
                0x00000000080007a8       0x1e Application/User/main.o
 *fill*         0x00000000080007c6        0x2 
 .text.LL_TIM_OC_DisableFast
                0x00000000080007c8       0x64 Application/User/main.o
 .text.LL_TIM_OC_EnablePreload
                0x000000000800082c       0x64 Application/User/main.o
 .text.LL_TIM_OC_SetCompareCH1
                0x0000000008000890       0x18 Application/User/main.o
 .text.LL_TIM_OC_GetCompareCH1
                0x00000000080008a8       0x14 Application/User/main.o
 .text.LL_TIM_SetClockSource
                0x00000000080008bc       0x28 Application/User/main.o
 .text.LL_TIM_SetTriggerOutput
                0x00000000080008e4       0x24 Application/User/main.o
 .text.LL_TIM_DisableMasterSlaveMode
                0x0000000008000908       0x1e Application/User/main.o
 .text.LL_TIM_EnableIT_CC1
                0x0000000008000926       0x1c Application/User/main.o
 .text.LL_USART_Enable
                0x0000000008000942       0x1c Application/User/main.o
 *fill*         0x000000000800095e        0x2 
 .text.LL_USART_ConfigAsyncMode
                0x0000000008000960       0x30 Application/User/main.o
 .text.LL_GPIO_SetPinMode
                0x0000000008000990       0x3a Application/User/main.o
 .text.LL_GPIO_SetPinPull
                0x00000000080009ca       0x3a Application/User/main.o
 .text.LL_GPIO_SetOutputPin
                0x0000000008000a04       0x18 Application/User/main.o
 .text.LL_GPIO_ResetOutputPin
                0x0000000008000a1c       0x18 Application/User/main.o
 .text.main     0x0000000008000a34       0x2e Application/User/main.o
                0x0000000008000a34                main
 *fill*         0x0000000008000a62        0x2 
 .text.SystemClock_Config
                0x0000000008000a64       0x90 Application/User/main.o
                0x0000000008000a64                SystemClock_Config
 .text.MX_ADC_Init
                0x0000000008000af4      0x15c Application/User/main.o
 .text.MX_TIM2_Init
                0x0000000008000c50      0x140 Application/User/main.o
 .text.MX_USART2_UART_Init
                0x0000000008000d90       0xf0 Application/User/main.o
 .text.MX_GPIO_Init
                0x0000000008000e80      0x4e8 Application/User/main.o
 .text.TIM2StartRunning
                0x0000000008001368       0x34 Application/User/main.o
 .text.TIM2CaptureCompareCH1_Callback
                0x000000000800139c       0x9c Application/User/main.o
                0x000000000800139c                TIM2CaptureCompareCH1_Callback
 .text.LL_EXTI_IsActiveFlag_0_31
                0x0000000008001438       0x28 Application/User/stm32l0xx_it.o
 .text.LL_EXTI_ClearFlag_0_31
                0x0000000008001460       0x1c Application/User/stm32l0xx_it.o
 .text.LL_TIM_ClearFlag_CC1
                0x000000000800147c       0x18 Application/User/stm32l0xx_it.o
 .text.LL_TIM_IsActiveFlag_CC1
                0x0000000008001494       0x22 Application/User/stm32l0xx_it.o
 .text.LL_GPIO_IsInputPinSet
                0x00000000080014b6       0x24 Application/User/stm32l0xx_it.o
 .text.LL_GPIO_SetOutputPin
                0x00000000080014da       0x18 Application/User/stm32l0xx_it.o
 .text.LL_GPIO_ResetOutputPin
                0x00000000080014f2       0x18 Application/User/stm32l0xx_it.o
 .text.LL_GPIO_TogglePin
                0x000000000800150a       0x1e Application/User/stm32l0xx_it.o
 .text.NMI_Handler
                0x0000000008001528        0xa Application/User/stm32l0xx_it.o
                0x0000000008001528                NMI_Handler
 .text.HardFault_Handler
                0x0000000008001532        0x6 Application/User/stm32l0xx_it.o
                0x0000000008001532                HardFault_Handler
 .text.SVC_Handler
                0x0000000008001538        0xa Application/User/stm32l0xx_it.o
                0x0000000008001538                SVC_Handler
 .text.PendSV_Handler
                0x0000000008001542        0xa Application/User/stm32l0xx_it.o
                0x0000000008001542                PendSV_Handler
 .text.SysTick_Handler
                0x000000000800154c        0xa Application/User/stm32l0xx_it.o
                0x000000000800154c                SysTick_Handler
 .text.EXTI0_1_IRQHandler
                0x0000000008001556       0x2a Application/User/stm32l0xx_it.o
                0x0000000008001556                EXTI0_1_IRQHandler
 .text.EXTI4_15_IRQHandler
                0x0000000008001580       0xac Application/User/stm32l0xx_it.o
                0x0000000008001580                EXTI4_15_IRQHandler
 .text.ADC1_COMP_IRQHandler
                0x000000000800162c        0xa Application/User/stm32l0xx_it.o
                0x000000000800162c                ADC1_COMP_IRQHandler
 .text.TIM2_IRQHandler
                0x0000000008001636       0x28 Application/User/stm32l0xx_it.o
                0x0000000008001636                TIM2_IRQHandler
 *fill*         0x000000000800165e        0x2 
 .text.SystemInit
                0x0000000008001660       0x7c Drivers/CMSIS/system_stm32l0xx.o
                0x0000000008001660                SystemInit
 .text.LL_ADC_IsEnabled
                0x00000000080016dc       0x20 Drivers/STM32L0xx_HAL_Driver/stm32l0xx_ll_adc.o
 .text.LL_ADC_Init
                0x00000000080016fc       0x6c Drivers/STM32L0xx_HAL_Driver/stm32l0xx_ll_adc.o
                0x00000000080016fc                LL_ADC_Init
 .text.LL_ADC_REG_Init
                0x0000000008001768       0x64 Drivers/STM32L0xx_HAL_Driver/stm32l0xx_ll_adc.o
                0x0000000008001768                LL_ADC_REG_Init
 .text.LL_EXTI_EnableIT_0_31
                0x00000000080017cc       0x20 Drivers/STM32L0xx_HAL_Driver/stm32l0xx_ll_exti.o
 .text.LL_EXTI_DisableIT_0_31
                0x00000000080017ec       0x24 Drivers/STM32L0xx_HAL_Driver/stm32l0xx_ll_exti.o
 .text.LL_EXTI_EnableEvent_0_31
                0x0000000008001810       0x20 Drivers/STM32L0xx_HAL_Driver/stm32l0xx_ll_exti.o
 .text.LL_EXTI_DisableEvent_0_31
                0x0000000008001830       0x24 Drivers/STM32L0xx_HAL_Driver/stm32l0xx_ll_exti.o
 .text.LL_EXTI_EnableRisingTrig_0_31
                0x0000000008001854       0x20 Drivers/STM32L0xx_HAL_Driver/stm32l0xx_ll_exti.o
 .text.LL_EXTI_DisableRisingTrig_0_31
                0x0000000008001874       0x24 Drivers/STM32L0xx_HAL_Driver/stm32l0xx_ll_exti.o
 .text.LL_EXTI_EnableFallingTrig_0_31
                0x0000000008001898       0x20 Drivers/STM32L0xx_HAL_Driver/stm32l0xx_ll_exti.o
 .text.LL_EXTI_DisableFallingTrig_0_31
                0x00000000080018b8       0x24 Drivers/STM32L0xx_HAL_Driver/stm32l0xx_ll_exti.o
 .text.LL_EXTI_Init
                0x00000000080018dc      0x10a Drivers/STM32L0xx_HAL_Driver/stm32l0xx_ll_exti.o
                0x00000000080018dc                LL_EXTI_Init
 .text.LL_GPIO_SetPinMode
                0x00000000080019e6       0x3a Drivers/STM32L0xx_HAL_Driver/stm32l0xx_ll_gpio.o
 .text.LL_GPIO_SetPinOutputType
                0x0000000008001a20       0x2a Drivers/STM32L0xx_HAL_Driver/stm32l0xx_ll_gpio.o
 .text.LL_GPIO_SetPinSpeed
                0x0000000008001a4a       0x3a Drivers/STM32L0xx_HAL_Driver/stm32l0xx_ll_gpio.o
 .text.LL_GPIO_SetPinPull
                0x0000000008001a84       0x3a Drivers/STM32L0xx_HAL_Driver/stm32l0xx_ll_gpio.o
 .text.LL_GPIO_SetAFPin_0_7
                0x0000000008001abe       0x4a Drivers/STM32L0xx_HAL_Driver/stm32l0xx_ll_gpio.o
 .text.LL_GPIO_SetAFPin_8_15
                0x0000000008001b08       0x5a Drivers/STM32L0xx_HAL_Driver/stm32l0xx_ll_gpio.o
 .text.LL_GPIO_Init
                0x0000000008001b62       0xcc Drivers/STM32L0xx_HAL_Driver/stm32l0xx_ll_gpio.o
                0x0000000008001b62                LL_GPIO_Init
 *fill*         0x0000000008001c2e        0x2 
 .text.LL_RCC_HSI_IsReady
                0x0000000008001c30       0x20 Drivers/STM32L0xx_HAL_Driver/stm32l0xx_ll_rcc.o
 .text.LL_RCC_LSE_IsReady
                0x0000000008001c50       0x28 Drivers/STM32L0xx_HAL_Driver/stm32l0xx_ll_rcc.o
 .text.LL_RCC_MSI_GetRange
                0x0000000008001c78       0x18 Drivers/STM32L0xx_HAL_Driver/stm32l0xx_ll_rcc.o
 .text.LL_RCC_GetSysClkSource
                0x0000000008001c90       0x18 Drivers/STM32L0xx_HAL_Driver/stm32l0xx_ll_rcc.o
 .text.LL_RCC_GetAHBPrescaler
                0x0000000008001ca8       0x18 Drivers/STM32L0xx_HAL_Driver/stm32l0xx_ll_rcc.o
 .text.LL_RCC_GetAPB1Prescaler
                0x0000000008001cc0       0x18 Drivers/STM32L0xx_HAL_Driver/stm32l0xx_ll_rcc.o
 .text.LL_RCC_GetUSARTClockSource
                0x0000000008001cd8       0x24 Drivers/STM32L0xx_HAL_Driver/stm32l0xx_ll_rcc.o
 .text.LL_RCC_PLL_GetMainSource
                0x0000000008001cfc       0x18 Drivers/STM32L0xx_HAL_Driver/stm32l0xx_ll_rcc.o
 .text.LL_RCC_PLL_GetMultiplicator
                0x0000000008001d14       0x18 Drivers/STM32L0xx_HAL_Driver/stm32l0xx_ll_rcc.o
 .text.LL_RCC_PLL_GetDivider
                0x0000000008001d2c       0x18 Drivers/STM32L0xx_HAL_Driver/stm32l0xx_ll_rcc.o
 .text.LL_RCC_IsActiveFlag_HSIDIV
                0x0000000008001d44       0x20 Drivers/STM32L0xx_HAL_Driver/stm32l0xx_ll_rcc.o
 .text.LL_RCC_GetUSARTClockFreq
                0x0000000008001d64       0xa8 Drivers/STM32L0xx_HAL_Driver/stm32l0xx_ll_rcc.o
                0x0000000008001d64                LL_RCC_GetUSARTClockFreq
 .text.RCC_GetSystemClockFreq
                0x0000000008001e0c       0x88 Drivers/STM32L0xx_HAL_Driver/stm32l0xx_ll_rcc.o
                0x0000000008001e0c                RCC_GetSystemClockFreq
 .text.RCC_GetHCLKClockFreq
                0x0000000008001e94       0x2c Drivers/STM32L0xx_HAL_Driver/stm32l0xx_ll_rcc.o
                0x0000000008001e94                RCC_GetHCLKClockFreq
 .text.RCC_GetPCLK1ClockFreq
                0x0000000008001ec0       0x28 Drivers/STM32L0xx_HAL_Driver/stm32l0xx_ll_rcc.o
                0x0000000008001ec0                RCC_GetPCLK1ClockFreq
 .text.RCC_PLL_GetFreqDomain_SYS
                0x0000000008001ee8       0x70 Drivers/STM32L0xx_HAL_Driver/stm32l0xx_ll_rcc.o
                0x0000000008001ee8                RCC_PLL_GetFreqDomain_SYS
 .text.LL_TIM_SetPrescaler
                0x0000000008001f58       0x18 Drivers/STM32L0xx_HAL_Driver/stm32l0xx_ll_tim.o
 .text.LL_TIM_SetAutoReload
                0x0000000008001f70       0x18 Drivers/STM32L0xx_HAL_Driver/stm32l0xx_ll_tim.o
 .text.LL_TIM_OC_SetCompareCH1
                0x0000000008001f88       0x18 Drivers/STM32L0xx_HAL_Driver/stm32l0xx_ll_tim.o
 .text.LL_TIM_OC_SetCompareCH2
                0x0000000008001fa0       0x18 Drivers/STM32L0xx_HAL_Driver/stm32l0xx_ll_tim.o
 .text.LL_TIM_OC_SetCompareCH3
                0x0000000008001fb8       0x18 Drivers/STM32L0xx_HAL_Driver/stm32l0xx_ll_tim.o
 .text.LL_TIM_OC_SetCompareCH4
                0x0000000008001fd0       0x18 Drivers/STM32L0xx_HAL_Driver/stm32l0xx_ll_tim.o
 .text.LL_TIM_GenerateEvent_UPDATE
                0x0000000008001fe8       0x1c Drivers/STM32L0xx_HAL_Driver/stm32l0xx_ll_tim.o
 .text.LL_TIM_Init
                0x0000000008002004       0x90 Drivers/STM32L0xx_HAL_Driver/stm32l0xx_ll_tim.o
                0x0000000008002004                LL_TIM_Init
 .text.LL_TIM_OC_Init
                0x0000000008002094       0x9a Drivers/STM32L0xx_HAL_Driver/stm32l0xx_ll_tim.o
                0x0000000008002094                LL_TIM_OC_Init
 .text.OC1Config
                0x000000000800212e       0x8c Drivers/STM32L0xx_HAL_Driver/stm32l0xx_ll_tim.o
 *fill*         0x00000000080021ba        0x2 
 .text.OC2Config
                0x00000000080021bc       0x98 Drivers/STM32L0xx_HAL_Driver/stm32l0xx_ll_tim.o
 .text.OC3Config
                0x0000000008002254       0x94 Drivers/STM32L0xx_HAL_Driver/stm32l0xx_ll_tim.o
 .text.OC4Config
                0x00000000080022e8       0x9c Drivers/STM32L0xx_HAL_Driver/stm32l0xx_ll_tim.o
 .text.LL_USART_IsEnabled
                0x0000000008002384       0x22 Drivers/STM32L0xx_HAL_Driver/stm32l0xx_ll_usart.o
 *fill*         0x00000000080023a6        0x2 
 .text.LL_USART_SetStopBitsLength
                0x00000000080023a8       0x28 Drivers/STM32L0xx_HAL_Driver/stm32l0xx_ll_usart.o
 .text.LL_USART_SetHWFlowCtrl
                0x00000000080023d0       0x28 Drivers/STM32L0xx_HAL_Driver/stm32l0xx_ll_usart.o
 .text.LL_USART_SetBaudRate
                0x00000000080023f8       0x70 Drivers/STM32L0xx_HAL_Driver/stm32l0xx_ll_usart.o
 .text.LL_USART_Init
                0x0000000008002468       0xb0 Drivers/STM32L0xx_HAL_Driver/stm32l0xx_ll_usart.o
                0x0000000008002468                LL_USART_Init
 .text.LL_InitTick
                0x0000000008002518       0x34 Drivers/STM32L0xx_HAL_Driver/stm32l0xx_ll_utils.o
 .text.LL_Init1msTick
                0x000000000800254c       0x1e Drivers/STM32L0xx_HAL_Driver/stm32l0xx_ll_utils.o
                0x000000000800254c                LL_Init1msTick
 *fill*         0x000000000800256a        0x2 
 .text.LL_SetSystemCoreClock
                0x000000000800256c       0x1c Drivers/STM32L0xx_HAL_Driver/stm32l0xx_ll_utils.o
                0x000000000800256c                LL_SetSystemCoreClock
 .text.__libc_init_array
                0x0000000008002588       0x48 c:/st/stm32cubeide_1.3.0/stm32cubeide/plugins/com.st.stm32cube.ide.mcu.externaltools.gnu-tools-for-stm32.7-2018-q2-update.win32_1.0.0.201904181610/tools/bin/../lib/gcc/arm-none-eabi/7.3.1/../../../../arm-none-eabi/lib/thumb/v6-m\libc_nano.a(lib_a-init.o)
                0x0000000008002588                __libc_init_array
 .text.memset   0x00000000080025d0       0x10 c:/st/stm32cubeide_1.3.0/stm32cubeide/plugins/com.st.stm32cube.ide.mcu.externaltools.gnu-tools-for-stm32.7-2018-q2-update.win32_1.0.0.201904181610/tools/bin/../lib/gcc/arm-none-eabi/7.3.1/../../../../arm-none-eabi/lib/thumb/v6-m\libc_nano.a(lib_a-memset.o)
                0x00000000080025d0                memset
 *(.glue_7)
 .glue_7        0x00000000080025e0        0x0 linker stubs
 *(.glue_7t)
 .glue_7t       0x00000000080025e0        0x0 linker stubs
 *(.eh_frame)
 .eh_frame      0x00000000080025e0        0x0 c:/st/stm32cubeide_1.3.0/stm32cubeide/plugins/com.st.stm32cube.ide.mcu.externaltools.gnu-tools-for-stm32.7-2018-q2-update.win32_1.0.0.201904181610/tools/bin/../lib/gcc/arm-none-eabi/7.3.1/thumb/v6-m/crtbegin.o
 *(.init)
 .init          0x00000000080025e0        0x4 c:/st/stm32cubeide_1.3.0/stm32cubeide/plugins/com.st.stm32cube.ide.mcu.externaltools.gnu-tools-for-stm32.7-2018-q2-update.win32_1.0.0.201904181610/tools/bin/../lib/gcc/arm-none-eabi/7.3.1/thumb/v6-m/crti.o
                0x00000000080025e0                _init
 .init          0x00000000080025e4        0x8 c:/st/stm32cubeide_1.3.0/stm32cubeide/plugins/com.st.stm32cube.ide.mcu.externaltools.gnu-tools-for-stm32.7-2018-q2-update.win32_1.0.0.201904181610/tools/bin/../lib/gcc/arm-none-eabi/7.3.1/thumb/v6-m/crtn.o
 *(.fini)
 .fini          0x00000000080025ec        0x4 c:/st/stm32cubeide_1.3.0/stm32cubeide/plugins/com.st.stm32cube.ide.mcu.externaltools.gnu-tools-for-stm32.7-2018-q2-update.win32_1.0.0.201904181610/tools/bin/../lib/gcc/arm-none-eabi/7.3.1/thumb/v6-m/crti.o
                0x00000000080025ec                _fini
 .fini          0x00000000080025f0        0x8 c:/st/stm32cubeide_1.3.0/stm32cubeide/plugins/com.st.stm32cube.ide.mcu.externaltools.gnu-tools-for-stm32.7-2018-q2-update.win32_1.0.0.201904181610/tools/bin/../lib/gcc/arm-none-eabi/7.3.1/thumb/v6-m/crtn.o
                0x00000000080025f8                . = ALIGN (0x4)
                0x00000000080025f8                _etext = .

.vfp11_veneer   0x00000000080025f8        0x0
 .vfp11_veneer  0x00000000080025f8        0x0 linker stubs

.v4_bx          0x00000000080025f8        0x0
 .v4_bx         0x00000000080025f8        0x0 linker stubs

.iplt           0x00000000080025f8        0x0
 .iplt          0x00000000080025f8        0x0 c:/st/stm32cubeide_1.3.0/stm32cubeide/plugins/com.st.stm32cube.ide.mcu.externaltools.gnu-tools-for-stm32.7-2018-q2-update.win32_1.0.0.201904181610/tools/bin/../lib/gcc/arm-none-eabi/7.3.1/thumb/v6-m/crtbegin.o

.rodata         0x00000000080025f8       0x34
                0x00000000080025f8                . = ALIGN (0x4)
 *(.rodata)
 *(.rodata*)
 .rodata.OFFSET_TAB_CCMRx
                0x00000000080025f8        0x7 Application/User/main.o
 *fill*         0x00000000080025ff        0x1 
 .rodata.SHIFT_TAB_OCxx
                0x0000000008002600        0x7 Application/User/main.o
 *fill*         0x0000000008002607        0x1 
 .rodata.AHBPrescTable
                0x0000000008002608       0x10 Drivers/CMSIS/system_stm32l0xx.o
                0x0000000008002608                AHBPrescTable
 .rodata.APBPrescTable
                0x0000000008002618        0x8 Drivers/CMSIS/system_stm32l0xx.o
                0x0000000008002618                APBPrescTable
 .rodata.PLLMulTable
                0x0000000008002620        0x9 Drivers/CMSIS/system_stm32l0xx.o
                0x0000000008002620                PLLMulTable
                0x000000000800262c                . = ALIGN (0x4)
 *fill*         0x0000000008002629        0x3 

.rel.dyn        0x000000000800262c        0x0
 .rel.iplt      0x000000000800262c        0x0 c:/st/stm32cubeide_1.3.0/stm32cubeide/plugins/com.st.stm32cube.ide.mcu.externaltools.gnu-tools-for-stm32.7-2018-q2-update.win32_1.0.0.201904181610/tools/bin/../lib/gcc/arm-none-eabi/7.3.1/thumb/v6-m/crtbegin.o

.ARM.extab      0x000000000800262c        0x0
                0x000000000800262c                . = ALIGN (0x4)
 *(.ARM.extab* .gnu.linkonce.armextab.*)
                0x000000000800262c                . = ALIGN (0x4)

.ARM            0x000000000800262c        0x0
                0x000000000800262c                . = ALIGN (0x4)
                0x000000000800262c                __exidx_start = .
 *(.ARM.exidx*)
                0x000000000800262c                __exidx_end = .
                0x000000000800262c                . = ALIGN (0x4)

.preinit_array  0x000000000800262c        0x0
                0x000000000800262c                . = ALIGN (0x4)
                0x000000000800262c                PROVIDE (__preinit_array_start = .)
 *(.preinit_array*)
                0x000000000800262c                PROVIDE (__preinit_array_end = .)
                0x000000000800262c                . = ALIGN (0x4)

.init_array     0x000000000800262c        0x4
                0x000000000800262c                . = ALIGN (0x4)
                0x000000000800262c                PROVIDE (__init_array_start = .)
 *(SORT_BY_NAME(.init_array.*))
 *(.init_array*)
 .init_array    0x000000000800262c        0x4 c:/st/stm32cubeide_1.3.0/stm32cubeide/plugins/com.st.stm32cube.ide.mcu.externaltools.gnu-tools-for-stm32.7-2018-q2-update.win32_1.0.0.201904181610/tools/bin/../lib/gcc/arm-none-eabi/7.3.1/thumb/v6-m/crtbegin.o
                0x0000000008002630                PROVIDE (__init_array_end = .)
                0x0000000008002630                . = ALIGN (0x4)

.fini_array     0x0000000008002630        0x4
                0x0000000008002630                . = ALIGN (0x4)
                [!provide]                        PROVIDE (__fini_array_start = .)
 *(SORT_BY_NAME(.fini_array.*))
 *(.fini_array*)
 .fini_array    0x0000000008002630        0x4 c:/st/stm32cubeide_1.3.0/stm32cubeide/plugins/com.st.stm32cube.ide.mcu.externaltools.gnu-tools-for-stm32.7-2018-q2-update.win32_1.0.0.201904181610/tools/bin/../lib/gcc/arm-none-eabi/7.3.1/thumb/v6-m/crtbegin.o
                [!provide]                        PROVIDE (__fini_array_end = .)
                0x0000000008002634                . = ALIGN (0x4)
                0x0000000008002634                _sidata = LOADADDR (.data)

.data           0x0000000020000000        0xc load address 0x0000000008002634
                0x0000000020000000                . = ALIGN (0x4)
                0x0000000020000000                _sdata = .
 *(.data)
 *(.data*)
 .data.CH1RiseCount
                0x0000000020000000        0x4 Application/User/main.o
                0x0000000020000000                CH1RiseCount
 .data.CH1FallCount
                0x0000000020000004        0x4 Application/User/main.o
                0x0000000020000004                CH1FallCount
 .data.SystemCoreClock
                0x0000000020000008        0x4 Drivers/CMSIS/system_stm32l0xx.o
                0x0000000020000008                SystemCoreClock
                0x000000002000000c                . = ALIGN (0x4)
                0x000000002000000c                _edata = .

.igot.plt       0x000000002000000c        0x0 load address 0x0000000008002640
 .igot.plt      0x000000002000000c        0x0 c:/st/stm32cubeide_1.3.0/stm32cubeide/plugins/com.st.stm32cube.ide.mcu.externaltools.gnu-tools-for-stm32.7-2018-q2-update.win32_1.0.0.201904181610/tools/bin/../lib/gcc/arm-none-eabi/7.3.1/thumb/v6-m/crtbegin.o
                0x000000002000000c                . = ALIGN (0x4)

.bss            0x000000002000000c       0x1c load address 0x0000000008002640
                0x000000002000000c                _sbss = .
                0x000000002000000c                __bss_start__ = _sbss
 *(.bss)
 .bss           0x000000002000000c       0x1c c:/st/stm32cubeide_1.3.0/stm32cubeide/plugins/com.st.stm32cube.ide.mcu.externaltools.gnu-tools-for-stm32.7-2018-q2-update.win32_1.0.0.201904181610/tools/bin/../lib/gcc/arm-none-eabi/7.3.1/thumb/v6-m/crtbegin.o
 *(.bss*)
 *(COMMON)
                0x0000000020000028                . = ALIGN (0x4)
                0x0000000020000028                _ebss = .
                0x0000000020000028                __bss_end__ = _ebss

._user_heap_stack
                0x0000000020000028      0x600 load address 0x0000000008002640
                0x0000000020000028                . = ALIGN (0x8)
                [!provide]                        PROVIDE (end = .)
                0x0000000020000028                PROVIDE (_end = .)
                0x0000000020000228                . = (. + _Min_Heap_Size)
 *fill*         0x0000000020000028      0x200 
                0x0000000020000628                . = (. + _Min_Stack_Size)
 *fill*         0x0000000020000228      0x400 
                0x0000000020000628                . = ALIGN (0x8)

/DISCARD/
 libc.a(*)
 libm.a(*)
 libgcc.a(*)

.ARM.attributes
                0x0000000000000000       0x28
 *(.ARM.attributes)
 .ARM.attributes
                0x0000000000000000       0x1e c:/st/stm32cubeide_1.3.0/stm32cubeide/plugins/com.st.stm32cube.ide.mcu.externaltools.gnu-tools-for-stm32.7-2018-q2-update.win32_1.0.0.201904181610/tools/bin/../lib/gcc/arm-none-eabi/7.3.1/thumb/v6-m/crti.o
 .ARM.attributes
                0x000000000000001e       0x2c c:/st/stm32cubeide_1.3.0/stm32cubeide/plugins/com.st.stm32cube.ide.mcu.externaltools.gnu-tools-for-stm32.7-2018-q2-update.win32_1.0.0.201904181610/tools/bin/../lib/gcc/arm-none-eabi/7.3.1/thumb/v6-m/crtbegin.o
 .ARM.attributes
                0x000000000000004a       0x22 Application/Startup/startup_stm32l011k4tx.o
 .ARM.attributes
                0x000000000000006c       0x32 Application/User/main.o
 .ARM.attributes
                0x000000000000009e       0x32 Application/User/stm32l0xx_it.o
 .ARM.attributes
                0x00000000000000d0       0x32 Drivers/CMSIS/system_stm32l0xx.o
 .ARM.attributes
                0x0000000000000102       0x32 Drivers/STM32L0xx_HAL_Driver/stm32l0xx_ll_adc.o
 .ARM.attributes
                0x0000000000000134       0x32 Drivers/STM32L0xx_HAL_Driver/stm32l0xx_ll_exti.o
 .ARM.attributes
                0x0000000000000166       0x32 Drivers/STM32L0xx_HAL_Driver/stm32l0xx_ll_gpio.o
 .ARM.attributes
                0x0000000000000198       0x32 Drivers/STM32L0xx_HAL_Driver/stm32l0xx_ll_rcc.o
 .ARM.attributes
                0x00000000000001ca       0x32 Drivers/STM32L0xx_HAL_Driver/stm32l0xx_ll_tim.o
 .ARM.attributes
                0x00000000000001fc       0x32 Drivers/STM32L0xx_HAL_Driver/stm32l0xx_ll_usart.o
 .ARM.attributes
                0x000000000000022e       0x32 Drivers/STM32L0xx_HAL_Driver/stm32l0xx_ll_utils.o
 .ARM.attributes
                0x0000000000000260       0x2c c:/st/stm32cubeide_1.3.0/stm32cubeide/plugins/com.st.stm32cube.ide.mcu.externaltools.gnu-tools-for-stm32.7-2018-q2-update.win32_1.0.0.201904181610/tools/bin/../lib/gcc/arm-none-eabi/7.3.1/../../../../arm-none-eabi/lib/thumb/v6-m\libc_nano.a(lib_a-init.o)
 .ARM.attributes
                0x000000000000028c       0x2c c:/st/stm32cubeide_1.3.0/stm32cubeide/plugins/com.st.stm32cube.ide.mcu.externaltools.gnu-tools-for-stm32.7-2018-q2-update.win32_1.0.0.201904181610/tools/bin/../lib/gcc/arm-none-eabi/7.3.1/../../../../arm-none-eabi/lib/thumb/v6-m\libc_nano.a(lib_a-memset.o)
 .ARM.attributes
                0x00000000000002b8       0x1e c:/st/stm32cubeide_1.3.0/stm32cubeide/plugins/com.st.stm32cube.ide.mcu.externaltools.gnu-tools-for-stm32.7-2018-q2-update.win32_1.0.0.201904181610/tools/bin/../lib/gcc/arm-none-eabi/7.3.1/thumb/v6-m\libgcc.a(_udivsi3.o)
 .ARM.attributes
                0x00000000000002d6       0x1e c:/st/stm32cubeide_1.3.0/stm32cubeide/plugins/com.st.stm32cube.ide.mcu.externaltools.gnu-tools-for-stm32.7-2018-q2-update.win32_1.0.0.201904181610/tools/bin/../lib/gcc/arm-none-eabi/7.3.1/thumb/v6-m\libgcc.a(_dvmd_tls.o)
 .ARM.attributes
                0x00000000000002f4       0x1e c:/st/stm32cubeide_1.3.0/stm32cubeide/plugins/com.st.stm32cube.ide.mcu.externaltools.gnu-tools-for-stm32.7-2018-q2-update.win32_1.0.0.201904181610/tools/bin/../lib/gcc/arm-none-eabi/7.3.1/thumb/v6-m/crtn.o
OUTPUT(tryout8kanaalsdriver.elf elf32-littlearm)

.debug_line     0x0000000000000000     0x491b
 .debug_line    0x0000000000000000       0xa5 Application/Startup/startup_stm32l011k4tx.o
 .debug_line    0x00000000000000a5      0xbb3 Application/User/main.o
 .debug_line    0x0000000000000c58      0x762 Application/User/stm32l0xx_it.o
 .debug_line    0x00000000000013ba      0x4ca Drivers/CMSIS/system_stm32l0xx.o
 .debug_line    0x0000000000001884      0x697 Drivers/STM32L0xx_HAL_Driver/stm32l0xx_ll_adc.o
 .debug_line    0x0000000000001f1b      0x5d3 Drivers/STM32L0xx_HAL_Driver/stm32l0xx_ll_exti.o
 .debug_line    0x00000000000024ee      0x5fc Drivers/STM32L0xx_HAL_Driver/stm32l0xx_ll_gpio.o
 .debug_line    0x0000000000002aea      0x863 Drivers/STM32L0xx_HAL_Driver/stm32l0xx_ll_rcc.o
 .debug_line    0x000000000000334d      0x7e1 Drivers/STM32L0xx_HAL_Driver/stm32l0xx_ll_tim.o
 .debug_line    0x0000000000003b2e      0x639 Drivers/STM32L0xx_HAL_Driver/stm32l0xx_ll_usart.o
 .debug_line    0x0000000000004167      0x7b4 Drivers/STM32L0xx_HAL_Driver/stm32l0xx_ll_utils.o

.debug_info     0x0000000000000000     0x5296
 .debug_info    0x0000000000000000       0x22 Application/Startup/startup_stm32l011k4tx.o
 .debug_info    0x0000000000000022     0x15d9 Application/User/main.o
 .debug_info    0x00000000000015fb      0x5ef Application/User/stm32l0xx_it.o
 .debug_info    0x0000000000001bea      0x37d Drivers/CMSIS/system_stm32l0xx.o
 .debug_info    0x0000000000001f67      0x79c Drivers/STM32L0xx_HAL_Driver/stm32l0xx_ll_adc.o
 .debug_info    0x0000000000002703      0x39b Drivers/STM32L0xx_HAL_Driver/stm32l0xx_ll_exti.o
 .debug_info    0x0000000000002a9e      0x5fc Drivers/STM32L0xx_HAL_Driver/stm32l0xx_ll_gpio.o
 .debug_info    0x000000000000309a      0x750 Drivers/STM32L0xx_HAL_Driver/stm32l0xx_ll_rcc.o
 .debug_info    0x00000000000037ea      0xc1d Drivers/STM32L0xx_HAL_Driver/stm32l0xx_ll_tim.o
 .debug_info    0x0000000000004407      0x662 Drivers/STM32L0xx_HAL_Driver/stm32l0xx_ll_usart.o
 .debug_info    0x0000000000004a69      0x82d Drivers/STM32L0xx_HAL_Driver/stm32l0xx_ll_utils.o

.debug_abbrev   0x0000000000000000     0x11a2
 .debug_abbrev  0x0000000000000000       0x12 Application/Startup/startup_stm32l011k4tx.o
 .debug_abbrev  0x0000000000000012      0x290 Application/User/main.o
 .debug_abbrev  0x00000000000002a2      0x192 Application/User/stm32l0xx_it.o
 .debug_abbrev  0x0000000000000434      0x100 Drivers/CMSIS/system_stm32l0xx.o
 .debug_abbrev  0x0000000000000534      0x1c7 Drivers/STM32L0xx_HAL_Driver/stm32l0xx_ll_adc.o
 .debug_abbrev  0x00000000000006fb      0x164 Drivers/STM32L0xx_HAL_Driver/stm32l0xx_ll_exti.o
 .debug_abbrev  0x000000000000085f      0x191 Drivers/STM32L0xx_HAL_Driver/stm32l0xx_ll_gpio.o
 .debug_abbrev  0x00000000000009f0      0x1ee Drivers/STM32L0xx_HAL_Driver/stm32l0xx_ll_rcc.o
 .debug_abbrev  0x0000000000000bde      0x1ec Drivers/STM32L0xx_HAL_Driver/stm32l0xx_ll_tim.o
 .debug_abbrev  0x0000000000000dca      0x1b8 Drivers/STM32L0xx_HAL_Driver/stm32l0xx_ll_usart.o
 .debug_abbrev  0x0000000000000f82      0x220 Drivers/STM32L0xx_HAL_Driver/stm32l0xx_ll_utils.o

.debug_aranges  0x0000000000000000      0x7d0
 .debug_aranges
                0x0000000000000000       0x28 Application/Startup/startup_stm32l011k4tx.o
 .debug_aranges
                0x0000000000000028      0x1c0 Application/User/main.o
 .debug_aranges
                0x00000000000001e8       0xa0 Application/User/stm32l0xx_it.o
 .debug_aranges
                0x0000000000000288       0x28 Drivers/CMSIS/system_stm32l0xx.o
 .debug_aranges
                0x00000000000002b0       0xa8 Drivers/STM32L0xx_HAL_Driver/stm32l0xx_ll_adc.o
 .debug_aranges
                0x0000000000000358       0x70 Drivers/STM32L0xx_HAL_Driver/stm32l0xx_ll_exti.o
 .debug_aranges
                0x00000000000003c8       0x70 Drivers/STM32L0xx_HAL_Driver/stm32l0xx_ll_gpio.o
 .debug_aranges
                0x0000000000000438      0x130 Drivers/STM32L0xx_HAL_Driver/stm32l0xx_ll_rcc.o
 .debug_aranges
                0x0000000000000568      0x100 Drivers/STM32L0xx_HAL_Driver/stm32l0xx_ll_tim.o
 .debug_aranges
                0x0000000000000668       0x78 Drivers/STM32L0xx_HAL_Driver/stm32l0xx_ll_usart.o
 .debug_aranges
                0x00000000000006e0       0xf0 Drivers/STM32L0xx_HAL_Driver/stm32l0xx_ll_utils.o

.debug_str      0x0000000000000000    0x41ce8
 .debug_str     0x0000000000000000       0x91 Application/Startup/startup_stm32l011k4tx.o
 .debug_str     0x0000000000000091    0x3d93a Application/User/main.o
                                      0x3dc79 (size before relaxing)
 .debug_str     0x000000000003d9cb      0x198 Application/User/stm32l0xx_it.o
                                      0x3d216 (size before relaxing)
 .debug_str     0x000000000003db63       0xb0 Drivers/CMSIS/system_stm32l0xx.o
                                      0x2fcf8 (size before relaxing)
 .debug_str     0x000000000003dc13      0xead Drivers/STM32L0xx_HAL_Driver/stm32l0xx_ll_adc.o
                                      0x35778 (size before relaxing)
 .debug_str     0x000000000003eac0      0x338 Drivers/STM32L0xx_HAL_Driver/stm32l0xx_ll_exti.o
                                      0x304d2 (size before relaxing)
 .debug_str     0x000000000003edf8      0x567 Drivers/STM32L0xx_HAL_Driver/stm32l0xx_ll_gpio.o
                                      0x30e81 (size before relaxing)
 .debug_str     0x000000000003f35f      0x58b Drivers/STM32L0xx_HAL_Driver/stm32l0xx_ll_rcc.o
                                      0x31b41 (size before relaxing)
 .debug_str     0x000000000003f8ea      0xdc7 Drivers/STM32L0xx_HAL_Driver/stm32l0xx_ll_tim.o
                                      0x33c53 (size before relaxing)
 .debug_str     0x00000000000406b1      0x887 Drivers/STM32L0xx_HAL_Driver/stm32l0xx_ll_usart.o
                                      0x3346f (size before relaxing)
 .debug_str     0x0000000000040f38      0xdb0 Drivers/STM32L0xx_HAL_Driver/stm32l0xx_ll_utils.o
                                      0x3331a (size before relaxing)

.debug_ranges   0x0000000000000000      0x728
 .debug_ranges  0x0000000000000000       0x20 Application/Startup/startup_stm32l011k4tx.o
 .debug_ranges  0x0000000000000020      0x1b0 Application/User/main.o
 .debug_ranges  0x00000000000001d0       0x90 Application/User/stm32l0xx_it.o
 .debug_ranges  0x0000000000000260       0x18 Drivers/CMSIS/system_stm32l0xx.o
 .debug_ranges  0x0000000000000278       0x98 Drivers/STM32L0xx_HAL_Driver/stm32l0xx_ll_adc.o
 .debug_ranges  0x0000000000000310       0x60 Drivers/STM32L0xx_HAL_Driver/stm32l0xx_ll_exti.o
 .debug_ranges  0x0000000000000370       0x60 Drivers/STM32L0xx_HAL_Driver/stm32l0xx_ll_gpio.o
 .debug_ranges  0x00000000000003d0      0x120 Drivers/STM32L0xx_HAL_Driver/stm32l0xx_ll_rcc.o
 .debug_ranges  0x00000000000004f0       0xf0 Drivers/STM32L0xx_HAL_Driver/stm32l0xx_ll_tim.o
 .debug_ranges  0x00000000000005e0       0x68 Drivers/STM32L0xx_HAL_Driver/stm32l0xx_ll_usart.o
 .debug_ranges  0x0000000000000648       0xe0 Drivers/STM32L0xx_HAL_Driver/stm32l0xx_ll_utils.o

.debug_macro    0x0000000000000000     0xc3c8
 .debug_macro   0x0000000000000000      0x148 Application/User/main.o
 .debug_macro   0x0000000000000148      0xa8a Application/User/main.o
 .debug_macro   0x0000000000000bd2       0x2e Application/User/main.o
 .debug_macro   0x0000000000000c00       0x28 Application/User/main.o
 .debug_macro   0x0000000000000c28       0x22 Application/User/main.o
 .debug_macro   0x0000000000000c4a       0x8e Application/User/main.o
 .debug_macro   0x0000000000000cd8       0x51 Application/User/main.o
 .debug_macro   0x0000000000000d29       0xef Application/User/main.o
 .debug_macro   0x0000000000000e18       0x6a Application/User/main.o
 .debug_macro   0x0000000000000e82      0x1df Application/User/main.o
 .debug_macro   0x0000000000001061       0x34 Application/User/main.o
 .debug_macro   0x0000000000001095       0x26 Application/User/main.o
 .debug_macro   0x00000000000010bb      0x329 Application/User/main.o
 .debug_macro   0x00000000000013e4     0x7ba3 Application/User/main.o
 .debug_macro   0x0000000000008f87       0x3c Application/User/main.o
 .debug_macro   0x0000000000008fc3      0x6aa Application/User/main.o
 .debug_macro   0x000000000000966d      0x3b4 Application/User/main.o
 .debug_macro   0x0000000000009a21       0xa7 Application/User/main.o
 .debug_macro   0x0000000000009ac8      0x13d Application/User/main.o
 .debug_macro   0x0000000000009c05      0x109 Application/User/main.o
 .debug_macro   0x0000000000009d0e       0x16 Application/User/main.o
 .debug_macro   0x0000000000009d24       0x2a Application/User/main.o
 .debug_macro   0x0000000000009d4e       0xdb Application/User/main.o
 .debug_macro   0x0000000000009e29      0x285 Application/User/main.o
 .debug_macro   0x000000000000a0ae      0x576 Application/User/main.o
 .debug_macro   0x000000000000a624      0x30c Application/User/main.o
 .debug_macro   0x000000000000a930      0x12d Application/User/main.o
 .debug_macro   0x000000000000aa5d      0x153 Application/User/main.o
 .debug_macro   0x000000000000abb0      0x152 Application/User/stm32l0xx_it.o
 .debug_macro   0x000000000000ad02       0xc3 Drivers/CMSIS/system_stm32l0xx.o
 .debug_macro   0x000000000000adc5      0x134 Drivers/STM32L0xx_HAL_Driver/stm32l0xx_ll_adc.o
 .debug_macro   0x000000000000aef9       0xe4 Drivers/STM32L0xx_HAL_Driver/stm32l0xx_ll_exti.o
 .debug_macro   0x000000000000afdd      0x103 Drivers/STM32L0xx_HAL_Driver/stm32l0xx_ll_exti.o
 .debug_macro   0x000000000000b0e0       0xff Drivers/STM32L0xx_HAL_Driver/stm32l0xx_ll_gpio.o
 .debug_macro   0x000000000000b1df      0x127 Drivers/STM32L0xx_HAL_Driver/stm32l0xx_ll_gpio.o
 .debug_macro   0x000000000000b306       0xea Drivers/STM32L0xx_HAL_Driver/stm32l0xx_ll_rcc.o
 .debug_macro   0x000000000000b3f0      0x3ae Drivers/STM32L0xx_HAL_Driver/stm32l0xx_ll_rcc.o
 .debug_macro   0x000000000000b79e      0x11d Drivers/STM32L0xx_HAL_Driver/stm32l0xx_ll_tim.o
 .debug_macro   0x000000000000b8bb      0x570 Drivers/STM32L0xx_HAL_Driver/stm32l0xx_ll_tim.o
 .debug_macro   0x000000000000be2b      0x132 Drivers/STM32L0xx_HAL_Driver/stm32l0xx_ll_usart.o
 .debug_macro   0x000000000000bf5d      0x306 Drivers/STM32L0xx_HAL_Driver/stm32l0xx_ll_usart.o
 .debug_macro   0x000000000000c263      0x165 Drivers/STM32L0xx_HAL_Driver/stm32l0xx_ll_utils.o

.comment        0x0000000000000000       0x7b
 .comment       0x0000000000000000       0x7b Application/User/main.o
                                         0x7c (size before relaxing)
 .comment       0x000000000000007b       0x7c Application/User/stm32l0xx_it.o
 .comment       0x000000000000007b       0x7c Drivers/CMSIS/system_stm32l0xx.o
 .comment       0x000000000000007b       0x7c Drivers/STM32L0xx_HAL_Driver/stm32l0xx_ll_adc.o
 .comment       0x000000000000007b       0x7c Drivers/STM32L0xx_HAL_Driver/stm32l0xx_ll_exti.o
 .comment       0x000000000000007b       0x7c Drivers/STM32L0xx_HAL_Driver/stm32l0xx_ll_gpio.o
 .comment       0x000000000000007b       0x7c Drivers/STM32L0xx_HAL_Driver/stm32l0xx_ll_rcc.o
 .comment       0x000000000000007b       0x7c Drivers/STM32L0xx_HAL_Driver/stm32l0xx_ll_tim.o
 .comment       0x000000000000007b       0x7c Drivers/STM32L0xx_HAL_Driver/stm32l0xx_ll_usart.o
 .comment       0x000000000000007b       0x7c Drivers/STM32L0xx_HAL_Driver/stm32l0xx_ll_utils.o

.debug_frame    0x0000000000000000     0x1b34
 .debug_frame   0x0000000000000000      0x690 Application/User/main.o
 .debug_frame   0x0000000000000690      0x20c Application/User/stm32l0xx_it.o
 .debug_frame   0x000000000000089c       0x4c Drivers/CMSIS/system_stm32l0xx.o
 .debug_frame   0x00000000000008e8      0x250 Drivers/STM32L0xx_HAL_Driver/stm32l0xx_ll_adc.o
 .debug_frame   0x0000000000000b38      0x16c Drivers/STM32L0xx_HAL_Driver/stm32l0xx_ll_exti.o
 .debug_frame   0x0000000000000ca4      0x170 Drivers/STM32L0xx_HAL_Driver/stm32l0xx_ll_gpio.o
 .debug_frame   0x0000000000000e14      0x42c Drivers/STM32L0xx_HAL_Driver/stm32l0xx_ll_rcc.o
 .debug_frame   0x0000000000001240      0x3b0 Drivers/STM32L0xx_HAL_Driver/stm32l0xx_ll_tim.o
 .debug_frame   0x00000000000015f0      0x194 Drivers/STM32L0xx_HAL_Driver/stm32l0xx_ll_usart.o
 .debug_frame   0x0000000000001784      0x344 Drivers/STM32L0xx_HAL_Driver/stm32l0xx_ll_utils.o
 .debug_frame   0x0000000000001ac8       0x2c c:/st/stm32cubeide_1.3.0/stm32cubeide/plugins/com.st.stm32cube.ide.mcu.externaltools.gnu-tools-for-stm32.7-2018-q2-update.win32_1.0.0.201904181610/tools/bin/../lib/gcc/arm-none-eabi/7.3.1/../../../../arm-none-eabi/lib/thumb/v6-m\libc_nano.a(lib_a-init.o)
 .debug_frame   0x0000000000001af4       0x20 c:/st/stm32cubeide_1.3.0/stm32cubeide/plugins/com.st.stm32cube.ide.mcu.externaltools.gnu-tools-for-stm32.7-2018-q2-update.win32_1.0.0.201904181610/tools/bin/../lib/gcc/arm-none-eabi/7.3.1/../../../../arm-none-eabi/lib/thumb/v6-m\libc_nano.a(lib_a-memset.o)
 .debug_frame   0x0000000000001b14       0x20 c:/st/stm32cubeide_1.3.0/stm32cubeide/plugins/com.st.stm32cube.ide.mcu.externaltools.gnu-tools-for-stm32.7-2018-q2-update.win32_1.0.0.201904181610/tools/bin/../lib/gcc/arm-none-eabi/7.3.1/thumb/v6-m\libgcc.a(_udivsi3.o)
