core_cm0plus.h:745:22:NVIC_EnableIRQ	16	static
core_cm0plus.h:804:22:NVIC_SetPriority	24	static
stm32l0xx_ll_adc.h:1735:22:LL_ADC_SetCommonFrequencyMode	16	static
stm32l0xx_ll_adc.h:2151:22:LL_ADC_SetSamplingTimeCommonChannels	16	static
stm32l0xx_ll_adc.h:2339:22:LL_ADC_REG_SetSequencerScanDirection	16	static
stm32l0xx_ll_adc.h:2545:22:LL_ADC_REG_SetSequencerChAdd	16	static
stm32l0xx_ll_adc.h:3135:22:LL_ADC_SetOverSamplingScope	16	static
stm32l0xx_ll_adc.h:3303:22:LL_ADC_EnableInternalRegulator	16	static
stm32l0xx_ll_adc.h:3877:22:LL_ADC_DisableIT_EOC	16	static
stm32l0xx_ll_adc.h:3888:22:LL_ADC_DisableIT_EOS	16	static
stm32l0xx_ll_rcc.h:782:22:LL_RCC_HSI_Enable	8	static
stm32l0xx_ll_rcc.h:802:26:LL_RCC_HSI_IsReady	8	static
stm32l0xx_ll_rcc.h:893:22:LL_RCC_HSI_SetCalibTrimming	16	static
stm32l0xx_ll_rcc.h:1275:22:LL_RCC_SetSysClkSource	16	static
stm32l0xx_ll_rcc.h:1289:26:LL_RCC_GetSysClkSource	8	static
stm32l0xx_ll_rcc.h:1309:22:LL_RCC_SetAHBPrescaler	16	static
stm32l0xx_ll_rcc.h:1325:22:LL_RCC_SetAPB1Prescaler	16	static
stm32l0xx_ll_rcc.h:1341:22:LL_RCC_SetAPB2Prescaler	16	static
stm32l0xx_ll_rcc.h:1452:22:LL_RCC_ConfigMCO	16	static
stm32l0xx_ll_rcc.h:1481:22:LL_RCC_SetUSARTClockSource	16	static
stm32l0xx_ll_bus.h:440:22:LL_APB1_GRP1_EnableClock	24	static
stm32l0xx_ll_bus.h:786:22:LL_APB2_GRP1_EnableClock	24	static
stm32l0xx_ll_bus.h:987:22:LL_IOP_GRP1_EnableClock	24	static
stm32l0xx_ll_system.h:650:22:LL_SYSCFG_SetEXTISource	24	static
stm32l0xx_ll_system.h:912:22:LL_FLASH_SetLatency	16	static
stm32l0xx_ll_system.h:924:26:LL_FLASH_GetLatency	8	static
stm32l0xx_ll_pwr.h:272:22:LL_PWR_SetRegulVoltageScaling	16	static
stm32l0xx_ll_tim.h:892:22:LL_TIM_EnableCounter	16	static
stm32l0xx_ll_tim.h:1074:22:LL_TIM_DisableARRPreload	16	static
stm32l0xx_ll_tim.h:1482:22:LL_TIM_OC_DisableFast	24	static
stm32l0xx_ll_tim.h:1526:22:LL_TIM_OC_EnablePreload	24	static
stm32l0xx_ll_tim.h:1658:22:LL_TIM_OC_SetCompareCH1	16	static
stm32l0xx_ll_tim.h:1713:26:LL_TIM_OC_GetCompareCH1	16	static
stm32l0xx_ll_tim.h:2198:22:LL_TIM_SetClockSource	16	static
stm32l0xx_ll_tim.h:2244:22:LL_TIM_SetTriggerOutput	16	static
stm32l0xx_ll_tim.h:2310:22:LL_TIM_DisableMasterSlaveMode	16	static
stm32l0xx_ll_tim.h:2814:22:LL_TIM_EnableIT_CC1	16	static
stm32l0xx_ll_usart.h:532:22:LL_USART_Enable	16	static
stm32l0xx_ll_usart.h:2284:22:LL_USART_ConfigAsyncMode	16	static
stm32l0xx_ll_gpio.h:270:22:LL_GPIO_SetPinMode	24	static
stm32l0xx_ll_gpio.h:478:22:LL_GPIO_SetPinPull	24	static
stm32l0xx_ll_gpio.h:843:22:LL_GPIO_SetOutputPin	16	static
stm32l0xx_ll_gpio.h:872:22:LL_GPIO_ResetOutputPin	16	static
main.c:83:5:main	8	static
main.c:134:6:SystemClock_Config	8	static
main.c:172:13:MX_ADC_Init	80	static
main.c:251:13:MX_TIM2_Init	48	static
main.c:311:13:MX_USART2_UART_Init	72	static
main.c:370:13:MX_GPIO_Init	48	static
main.c:638:6:TIM2CountValues_init	8	static
main.c:652:6:TIM2StartRunning	8	static
main.c:675:6:TIM2CaptureCompareCH1_Callback	8	static
main.c:709:6:Error_Handler	8	static
